---
source: tests/ars_comments_tests.rs
expression: test_result
---
success_len_5_has_authors_true
