---
source: tests/ars_comments_tests.rs
expression: structure_info
---
found_iframe_structure
