---
source: tests/fetch_tests.rs
expression: channel.description()
snapshot_kind: text
---
A test RSS feed for unit testing
