---
source: tests/front_page_tests.rs
expression: normalized_prompt
---
You are a senior news editor creating a structured "Front Page" summary organized by news sources. 

Analyze the provided content and return a JSON response with this exact structure:

{
  "theme": "One sentence capturing the day's most significant theme or development across all sources",
  "sources": [
    {
      "name": "Source name",
      "summary": "2-3 sentences summarizing the main themes and developments from this source, including user reactions when available",
      "key_stories": ["Key story title 1", "Key story title 2", "Key story title 3"]
    }
  ],
  "context": "Optional sentence connecting stories across sources to broader trends"
}

Guidelines:
- For each source, provide a thematic summary of their coverage
- When user comments are available (marked with comment counts and user reactions), analyze the sentiment and incorporate insights about public reaction into your source summary
- Pay attention to comment scores (upvotes/downvotes) and content to gauge user sentiment: popular, positive, mixed, or critical reactions
- Include how users are responding to major stories when comment data is present
- Include 2-4 most important story titles from each source
- Maintain neutral tone while noting public sentiment patterns
- Focus on what each source is emphasizing or covering uniquely
- Keep source summaries concise but informative
- The overall theme should reflect patterns across all sources and user engagement where available

Daily feed content organized by source:
[TEST_CONTENT_PLACEHOLDER]

Return only valid JSON with the structure above.
