---
source: tests/integration_tests.rs
expression: default_config
snapshot_kind: text
---
{
  "feeds": [
    {
      "name": "Ars Technica",
      "url": "https://arstechnica.com/feed/?t=bd10cf5f81b5d0a5edbb2faa32e6d55c7a1efdb3",
      "description": "Technology news and insights"
    }
  ],
  "output": {
    "filename": "daily-feed.epub",
    "title": "Daily Feed Digest",
    "author": "RSS Aggregator",
    "format": "epub"
  }
}
