---
source: tests/integration_tests.rs
expression: result
snapshot_kind: text
---
Ok(
    (),
)
