---
source: tests/integration_tests.rs
expression: error_message
---
missing field `output` at line 1 column 29
