---
source: tests/parser_tests.rs
expression: result
---
Hello world everyone!
