---
source: src/parser.rs
expression: result
---
Hello world ! This is a test .
