---
source: src/markdown_outputter.rs
expression: markdown
snapshot_kind: text
---
#### Test Heading
