---
source: src/epub_outputter.rs
expression: html
snapshot_kind: text
---
Hello <strong>world</strong>!
