---
source: src/parser.rs
expression: blocks
---
[
  {
    "List": {
      "ordered": false,
      "items": [
        {
          "spans": [
            {
              "text": "First item",
              "formatting": {
                "bold": false,
                "italic": false,
                "code": false,
                "link": null
              }
            }
          ]
        },
        {
          "spans": [
            {
              "text": "Second item",
              "formatting": {
                "bold": false,
                "italic": false,
                "code": false,
                "link": null
              }
            }
          ]
        }
      ]
    }
  }
]
