---
source: src/ars_comments.rs
expression: "\"network_unavailable\""
---
network_unavailable