---
source: src/ai_client.rs
expression: json
---
{
  "model": "claude-3-sonnet-20240229",
  "max_tokens": 4000,
  "temperature": 0.0,
  "messages": [
    {
      "role": "user",
      "content": "Hello, world!"
    }
  ]
}
